# *******
# FORMAT:
# *******
#
# [<REC_TYPE>_<SUB_REC_TYPE>_START_<REC_NAME>]
# <FIELD_NAME>	<FORMAT>	<INVALID_VALUE_AS_PER_STDFv4>	<INVALID_VALUE_AS_PER_STDFv3+>
# <FIELD_NAME>	<FORMAT>	<INVALID_VALUE_AS_PER_STDFv4>	<INVALID_VALUE_AS_PER_STDFv3+>
# ...
# [<REC_TYPE>_<SUB_REC_TYPE>_START_<REC_NAME>]
#
#
# NOTE: * USE TAB AS DELIMITER
#	* LEAVE BLANK IF NO INVALID VALUE
#

[1_10_START_MIR]
SETUP_T		U*4
START_T		U*4
STAT_NUM	U*1
MODE_COD	C*1
RTST_COD	C*1
PROT_COD	C*1
BURN_TIM	U*2	65535
CMOD_COD	C*1
LOT_ID		C*n
PART_TYP	C*n
NODE_NAM	C*n
TSTR_TYP	C*n
JOB_NAM		C*n
JOB_REV		C*n
SBLOT_ID	C*n
OPER_NAM	C*n
EXEC_TYP	C*n
EXEC_VER	C*n
TEST_COD	C*n
TST_TEMP	C*n
USER_TXT	C*n
AUX_FILE	C*n
PKG_TYP		C*n
FAMLY_ID	C*n
DATE_COD	C*n
FACIL_ID	C*n
FLOOR_ID	C*n
PROC_ID		C*n
OPER_FRQ	C*n
SPEC_NAM	C*n
SPEC_VER	C*n
FLOW_ID		C*n
SETUP_ID	C*n
DSGN_REV	C*n
ENG_ID		C*n
ROM_COD		C*n
SERL_NUM	C*n
SUPR_NAM	C*n
[1_10_END_MIR]


[2_30_START_WCR]
WAFR_SIZ	R*4	0
DIE_HT		R*4	0
DIE_WID		R*4	0
WF_UNITS	U*1	0
WF_FLAT		C*1
CENTER_X	I*2	-32768
CENTER_Y	I*2	-32768
POS_X		C*1
POS_Y		C*1
[2_30_END_WCR]


[2_10_START_WIR]
HEAD_NUM	U*1
SITE_GRP	U*1	255
START_T		U*4
WAFER_ID	C*n
[2_10_END_WIR]


[5_10_START_PIR]
HEAD_NUM	U*1
SITE_NUM	U*1
[5_10_END_PIR]


[15_10_START_PTR]
TEST_NUM	U*4
HEAD_NUM	U*1
SITE_NUM	U*1
TEST_FLG	B*1
PARM_FLG	B*1
RESULT		R*4
TEST_TXT	C*n
ALARM_ID	C*n
OPT_FLAG	B*1
RES_SCAL	I*1
LLM_SCAL	I*1
HLM_SCAL	I*1
LO_LIMIT	R*4
HI_LIMIT	R*4
UNITS		C*n
C_RESFMT	C*n
C_LLMFMT	C*n
C_HLMFMT	C*n
LO_SPEC		R*4
HI_SPEC		R*4
[15_10_END_PTR]


[5_20_START_PRR]
HEAD_NUM	U*1
SITE_NUM	U*1
PART_FLG	B*1
NUM_TEST	U*2
HARD_BIN	U*2		32768
SOFT_BIN	U*2	65535	65535
X_COORD		I*2	-32768	-32768
Y_COORD		I*2	-32768	-32768
TEST_T		U*4	0
PART_ID		C*n
PART_TXT	C*n
PART_FIX	B*n
[5_20_END_PRR]


[2_20_START_WRR]
HEAD_NUM	U*1
SITE_GRP	U*1	255
FINISH_T	U*4
PART_CNT	U*4
RTST_CNT	U*4	4294967295	-1
ABRT_CNT	U*4	4294967295	-1
GOOD_CNT	U*4	4294967295	-1
FUNC_CNT	U*4	4294967295	-1
WAFER_ID	C*n
FABWF_ID	C*n
FRAME_ID	C*n
MASK_ID		C*n
USR_DESC	C*n
EXC_DESC	C*n
[2_20_END_WRR]


[1_40_START_HBR]
HEAD_NUM	U*1
SITE_NUM	U*1
HBIN_NUM	U*2
HBIN_CNT	U*4
HBIN_PF		C*1
HBIN_NAM	C*n
[1_40_END_HBR]


[1_50_START_SBR]
HEAD_NUM	U*1
SITE_NUM	U*1
SBIN_NUM	U*2
SBIN_CNT	U*4
SBIN_PF		C*1
SBIN_NAM	C*n
[1_50_END_SBR]


[10_30_START_TSR]
HEAD_NUM	U*1
SITE_NUM	U*1
TEST_TYP	C*1
TEST_NUM	U*4
EXEC_CNT	U*4	4294967295	-1
FAIL_CNT	U*4	4294967295	-1
ALRM_CNT	U*4	4294967295	-1
TEST_NAM	C*n
SEQ_NAME	C*n
TEST_LBL	C*n
OPT_FLAG	B*1
TEST_TIM	R*4
TEST_MIN	R*4
TEST_MAX	R*4
TST_SUMS	R*4
TST_SQRS	R*4
[10_30_END_TSR]


[1_20_START_MRR]
FINISH_T	U*4
DISP_COD	C*1
USR_DESC	C*n
EXC_DESC	C*n
[1_20_END_MRR]
